[www.team17.com/overcooked-all-you-can-eat-available-now-on-ps5-xbox-series-x/index.html]
[backblue.gif]
[fade.gif]
[index.html]
[www.team17.com/wp-content/uploads/2020/11/key-art-with-logo.jpg]
[www.team17.com/wp-content/plugins/contact-form-7/includes/css/styles38d6.css]
[www.team17.com/wp-content/themes/framework/style97de.css]
[script.crazyegg.com/pages/scripts/0108/8667.js]
[www.team17.com/wp-content/uploads/2020/08/cropped-T17-Icon1-192x192-1-150x150.png]
[www.team17.com/overcooked-all-you-can-eat-available-now-on-ps5-xbox-series-x/feed/index.html]
[www.team17.com/wp-content/uploads/2020/08/cropped-T17-Icon1-192x192-1.png]
[www.team17.com/wp-content/themes/framework/assets/image/mobile-menu-bg.jpg]
[www.team17.com/wp-content/uploads/2020/08/cookies.png]
[www.team17.com/wp-content/themes/framework/assets/image/page-bg-1.jpg]
[www.team17.com/wp-content/uploads/2020/11/key-art-with-logo-1800x1013.jpg]
[www.team17.com/wp-content/uploads/2020/11/key-art-with-logo-400x225.jpg]
[www.team17.com/wp-content/uploads/2020/11/Comparison2.jpg]
[www.team17.com/wp-content/uploads/2020/11/001.png]
[www.team17.com/wp-content/uploads/2020/11/Overcooked-AYCE-9.png]
[www.team17.com/wp-content/uploads/2020/11/Narwhal-Alternates.png]
[www.team17.com/wp-content/uploads/2020/11/Robot-Alternates.png]
[www.team17.com/wp-content/uploads/2020/11/The-Peckish-Rises-3.png]
[www.team17.com/wp-content/uploads/2020/11/The-Peckish-Rises-4.png]
[www.team17.com/wp-content/uploads/2020/11/The-Peckish-Rises-9.png]
[www.team17.com/wp-content/uploads/2020/10/OC_Discord.jpg]
[www.team17.com/wp-content/themes/framework/assets/image/team17-logo-2.png]
[www.team17.com/wp-content/themes/framework/assets/image/woodland.png]
[www.team17.com/wp-content/plugins/contact-form-7/includes/swv/js/index38d6.js]
[www.team17.com/wp-content/plugins/contact-form-7/includes/js/index38d6.js]
[js-eu1.hs-scripts.com/26630753bcb9.js]
[www.team17.com/wp-content/themes/framework/assets/js/manifest97de.js]
[www.team17.com/wp-content/themes/framework/assets/js/vue-app97de.js]
[www.team17.com/wp-content/themes/framework/assets/js/objectFitPolyfill.min5352.js]
[www.team17.com/overcooked-all-you-can-eat-available-now-on-ps5-xbox-series-x/index.html]
[www.team17.com/wp-content/plugins/contact-form-7/includes/css/styles38d6.css]
[www.team17.com/wp-content/themes/framework/assets/js/app97de.js]
[www.team17.com/wp-content/themes/framework/assets/js/vendor97de.js]
[www.team17.com/wp-content/themes/framework/style97de.css]
[www.team17.com/wp-content/themes/framework/assets/css/style.css]
[www.team17.com/wp-content/themes/framework/assets/css/style.css]
